---
http_interactions:
- request:
    method: post
    uri: https://iam.cloud.ibm.com/identity/token
    body:
      encoding: UTF-8
      string: grant_type=urn%3Aibm%3Aparams%3Aoauth%3Agrant-type%3Aapikey&apikey=API_KEY
    headers:
      Accept-Encoding:
      - gzip;q=1.0,deflate;q=0.6,identity;q=0.3
      Accept:
      - "*/*"
      User-Agent:
      - Ruby
  response:
    status:
      code: 200
      message: OK
    headers:
      Content-Type:
      - application/json
      Content-Length:
      - '2460'
      Transaction-Id:
      - 4c024f8c842f436ab67fe83d7d8f4d54
      Cache-Control:
      - no-cache, no-store
      Expires:
      - '0'
      Pragma:
      - no-cache
      Content-Language:
      - en-US
      Date:
      - Thu, 01 Oct 2020 23:51:53 GMT
      Connection:
      - keep-alive
      Set-Cookie:
      - sessioncookie=ce3971e5fa3597045425df8136eb3e4e; Path=/; Secure; HttpOnly
    body:
      encoding: ASCII-8BIT
      string: '{"access_token":"aaaa","refresh_token":"11111","ims_user_id":"22222","token_type":"Bearer","expires_in":3600,"expiration":1893456000,"scope":"ibm
        openid"}'
  recorded_at: Thu, 01 Oct 2020 23:51:53 GMT
- request:
    method: get
    uri: https://us-east.iaas.cloud.ibm.com/v1/instances?generation=2&limit=1&version=2020-08-01
    body:
      encoding: US-ASCII
      string: ''
    headers:
      Authorization: Bearer xxxxxx
      Accept-Encoding:
      - gzip;q=1.0,deflate;q=0.6,identity;q=0.3
      Accept:
      - "*/*"
      User-Agent:
      - Ruby
  response:
    status:
      code: 200
      message: OK
    headers:
      Date:
      - Thu, 01 Oct 2020 23:51:54 GMT
      Content-Type:
      - application/json; charset=utf-8
      Transfer-Encoding:
      - chunked
      Connection:
      - keep-alive
      Set-Cookie:
      - __cfduid=d2137cafeda872b837ed46c7c305cf3ed1601596313; expires=Sat, 31-Oct-20
        23:51:53 GMT; path=/; domain=.iaas.cloud.ibm.com; HttpOnly; SameSite=Lax;
        Secure
      Cf-Ray:
      - 5dba1821be6dca90-YYZ
      Cache-Control:
      - max-age=0, no-cache, no-store, must-revalidate
      Expires:
      - "-1"
      Strict-Transport-Security:
      - max-age=31536000; includeSubDomains
      Vary:
      - Accept-Encoding
      Cf-Cache-Status:
      - DYNAMIC
      Cf-Request-Id:
      - '05882d69160000ca90cd34b200000001'
      Expect-Ct:
      - max-age=604800, report-uri="https://report-uri.cloudflare.com/cdn-cgi/beacon/expect-ct"
      Pragma:
      - no-cache
      X-Content-Type-Options:
      - nosniff
      X-Request-Id:
      - 7ab413bf-43dd-48b0-9e6c-c805f431cf6c
      X-Trace-Id:
      - 5978691c09ec4a05
      X-Xss-Protection:
      - 1; mode=block
      Server:
      - cloudflare
    body:
      encoding: ASCII-8BIT
      string: '{"first":{"href":"https://us-east.iaas.cloud.ibm.com/v1/instances?limit=1"},"instances":[{"bandwidth":4000,"boot_volume_attachment":{"device":{"id":"0777-de4544bd-58bb-4924-8f0c-4edf4fc994b9-8fbnl"},"href":"https://us-east.iaas.cloud.ibm.com/v1/instances/0777_249ba858-a4eb-4f2c-ba6c-72254a781d0d/volume_attachments/0777-de4544bd-58bb-4924-8f0c-4edf4fc994b9","id":"0777-de4544bd-58bb-4924-8f0c-4edf4fc994b9","name":"volume-attachment","resource_type":"volume_attachment","volume":{"crn":"crn:v1:bluemix:public:is:us-east-3:a/c56c9a268d23e1b339ac14774358133c::volume:r014-75d65ec3-72f6-11ea-b28c-feff0b284b22","href":"https://us-east.iaas.cloud.ibm.com/v1/volumes/r014-75d65ec3-72f6-11ea-b28c-feff0b284b22","id":"r014-75d65ec3-72f6-11ea-b28c-feff0b284b22","name":"test-boot","resource_type":"volume"}},"created_at":"2020-03-31T02:22:25.000Z","crn":"crn:v1:bluemix:public:is:us-east-3:a/c56c9a268d23e1b339ac14774358133c::instance:0777_249ba858-a4eb-4f2c-ba6c-72254a781d0d","disks":null,"href":"https://us-east.iaas.cloud.ibm.com/v1/instances/0777_249ba858-a4eb-4f2c-ba6c-72254a781d0d","id":"0777_249ba858-a4eb-4f2c-ba6c-72254a781d0d","image":{"crn":"UNKNOWN","href":"https://us-east.iaas.cloud.ibm.com/v1/images/r014-d82ac057-feab-4d4b-968c-8557c215c17e","id":"r014-d82ac057-feab-4d4b-968c-8557c215c17e","name":"tryagain","resource_type":"image"},"memory":16,"name":"test","network_interfaces":[{"href":"https://us-east.iaas.cloud.ibm.com/v1/instances/0777_249ba858-a4eb-4f2c-ba6c-72254a781d0d/network_interfaces/0777-a967defa-4cc9-4872-b0ab-5d0c623abea3","id":"0777-a967defa-4cc9-4872-b0ab-5d0c623abea3","name":"eth0","primary_ipv4_address":"127.0.0.4","resource_type":"network_interface","subnet":{"crn":"crn:v1:bluemix:public:is:us-east-3:a/c56c9a268d23e1b339ac14774358133c::subnet:0777-8da6464b-e4bf-4cd6-8e9f-09a9f0f619c5","href":"https://us-east.iaas.cloud.ibm.com/v1/subnets/0777-8da6464b-e4bf-4cd6-8e9f-09a9f0f619c5","id":"0777-8da6464b-e4bf-4cd6-8e9f-09a9f0f619c5","name":"cloudformsvpc","resource_type":"subnet"}}],"primary_network_interface":{"href":"https://us-east.iaas.cloud.ibm.com/v1/instances/0777_249ba858-a4eb-4f2c-ba6c-72254a781d0d/network_interfaces/0777-a967defa-4cc9-4872-b0ab-5d0c623abea3","id":"0777-a967defa-4cc9-4872-b0ab-5d0c623abea3","name":"eth0","primary_ipv4_address":"127.0.0.4","resource_type":"network_interface","subnet":{"crn":"crn:v1:bluemix:public:is:us-east-3:a/c56c9a268d23e1b339ac14774358133c::subnet:0777-8da6464b-e4bf-4cd6-8e9f-09a9f0f619c5","href":"https://us-east.iaas.cloud.ibm.com/v1/subnets/0777-8da6464b-e4bf-4cd6-8e9f-09a9f0f619c5","id":"0777-8da6464b-e4bf-4cd6-8e9f-09a9f0f619c5","name":"cloudformsvpc","resource_type":"subnet"}},"profile":{"href":"https://us-east.iaas.cloud.ibm.com/v1/instance/profiles/mx2-2x16","name":"mx2-2x16","resource_type":"instance_profile"},"resource_group":{"crn":"crn:v1:bluemix:public:resource-controller::a/c56c9a268d23e1b339ac14774358133c::resource-group:345c433098294722ba52d9039133e8cf","href":"https://resource-controller.cloud.ibm.com/v2/resource_groups/345c433098294722ba52d9039133e8cf","id":"345c433098294722ba52d9039133e8cf","name":"default"},"resource_type":"instance","status":"running","vcpu":{"architecture":"amd64","count":2},"volume_attachments":[{"device":{"id":"0777-de4544bd-58bb-4924-8f0c-4edf4fc994b9-8fbnl"},"href":"https://us-east.iaas.cloud.ibm.com/v1/instances/0777_249ba858-a4eb-4f2c-ba6c-72254a781d0d/volume_attachments/0777-de4544bd-58bb-4924-8f0c-4edf4fc994b9","id":"0777-de4544bd-58bb-4924-8f0c-4edf4fc994b9","name":"volume-attachment","resource_type":"volume_attachment","volume":{"crn":"crn:v1:bluemix:public:is:us-east-3:a/c56c9a268d23e1b339ac14774358133c::volume:r014-75d65ec3-72f6-11ea-b28c-feff0b284b22","href":"https://us-east.iaas.cloud.ibm.com/v1/volumes/r014-75d65ec3-72f6-11ea-b28c-feff0b284b22","id":"r014-75d65ec3-72f6-11ea-b28c-feff0b284b22","name":"test-boot","resource_type":"volume"}},{"device":{"id":"0777-fc94b3f8-20e8-45c8-bf95-6893ae56f52c-jbjx5"},"href":"https://us-east.iaas.cloud.ibm.com/v1/instances/0777_249ba858-a4eb-4f2c-ba6c-72254a781d0d/volume_attachments/0777-fc94b3f8-20e8-45c8-bf95-6893ae56f52c","id":"0777-fc94b3f8-20e8-45c8-bf95-6893ae56f52c","name":"volume-attachment","resource_type":"volume_attachment","volume":{"crn":"crn:v1:bluemix:public:is:us-east-3:a/c56c9a268d23e1b339ac14774358133c::volume:r014-75d669a9-72f6-11ea-b28c-feff0b284b22","href":"https://us-east.iaas.cloud.ibm.com/v1/volumes/r014-75d669a9-72f6-11ea-b28c-feff0b284b22","id":"r014-75d669a9-72f6-11ea-b28c-feff0b284b22","name":"postgres","resource_type":"volume"}},{"device":{"id":"0777-7ee316bb-7802-4f60-8f8a-faddbf80b328-k5kph"},"href":"https://us-east.iaas.cloud.ibm.com/v1/instances/0777_249ba858-a4eb-4f2c-ba6c-72254a781d0d/volume_attachments/0777-7ee316bb-7802-4f60-8f8a-faddbf80b328","id":"0777-7ee316bb-7802-4f60-8f8a-faddbf80b328","name":"volume-attachment","resource_type":"volume_attachment","volume":{"crn":"crn:v1:bluemix:public:is:us-east-3:a/c56c9a268d23e1b339ac14774358133c::volume:r014-f2742c9e-7e91-43ca-a623-8d1edecb0fc4","href":"https://us-east.iaas.cloud.ibm.com/v1/volumes/r014-f2742c9e-7e91-43ca-a623-8d1edecb0fc4","id":"r014-f2742c9e-7e91-43ca-a623-8d1edecb0fc4","name":"bradboot","resource_type":"volume"}}],"vpc":{"crn":"crn:v1:bluemix:public:is:us-east:a/c56c9a268d23e1b339ac14774358133c::vpc:r014-7186c34c-67cc-4c07-aa40-326ecb895b53","href":"https://us-east.iaas.cloud.ibm.com/v1/vpcs/r014-7186c34c-67cc-4c07-aa40-326ecb895b53","id":"r014-7186c34c-67cc-4c07-aa40-326ecb895b53","name":"cloudformvpx","resource_type":"vpc"},"zone":{"href":"https://us-east.iaas.cloud.ibm.com/v1/regions/us-east/zones/us-east-3","name":"us-east-3","resource_type":"zone"}}],"limit":1,"next":{"href":"https://us-east.iaas.cloud.ibm.com/v1/instances?limit=1\u0026start=0777_f73e8687-3813-465f-99df-ba6e4ee8f289"},"total_count":3}'
  recorded_at: Thu, 01 Oct 2020 23:51:54 GMT
- request:
    method: get
    uri: https://us-east.iaas.cloud.ibm.com/v1/instances/0777_249ba858-a4eb-4f2c-ba6c-72254a781d0d/volume_attachments?generation=2&version=2020-08-01
    body:
      encoding: US-ASCII
      string: ''
    headers:
      Authorization: Bearer xxxxxx
      Accept-Encoding:
      - gzip;q=1.0,deflate;q=0.6,identity;q=0.3
      Accept:
      - "*/*"
      User-Agent:
      - Ruby
  response:
    status:
      code: 200
      message: OK
    headers:
      Date:
      - Thu, 01 Oct 2020 23:51:54 GMT
      Content-Type:
      - application/json; charset=utf-8
      Transfer-Encoding:
      - chunked
      Connection:
      - keep-alive
      Set-Cookie:
      - __cfduid=d2246444cd30e0e644d1d2ddca145efad1601596314; expires=Sat, 31-Oct-20
        23:51:54 GMT; path=/; domain=.iaas.cloud.ibm.com; HttpOnly; SameSite=Lax;
        Secure
      Cf-Ray:
      - 5dba18268abfab4c-YYZ
      Cache-Control:
      - max-age=0, no-cache, no-store, must-revalidate
      Expires:
      - "-1"
      Strict-Transport-Security:
      - max-age=31536000; includeSubDomains
      Vary:
      - Accept-Encoding
      Cf-Cache-Status:
      - DYNAMIC
      Cf-Request-Id:
      - '05882d6c120000ab4cd5adf200000001'
      Expect-Ct:
      - max-age=604800, report-uri="https://report-uri.cloudflare.com/cdn-cgi/beacon/expect-ct"
      Pragma:
      - no-cache
      X-Content-Type-Options:
      - nosniff
      X-Request-Id:
      - fb0b789d-70a7-4ff5-b023-7f866b64ced3
      X-Trace-Id:
      - d4ce6e7fa5604a3
      X-Xss-Protection:
      - 1; mode=block
      Server:
      - cloudflare
    body:
      encoding: ASCII-8BIT
      string: '{"volume_attachments":[{"id":"0777-7ee316bb-7802-4f60-8f8a-faddbf80b328","href":"https://us-east.iaas.cloud.ibm.com/v1/instances/0777_249ba858-a4eb-4f2c-ba6c-72254a781d0d/volume_attachments/0777-7ee316bb-7802-4f60-8f8a-faddbf80b328","name":"volume-attachment","device":{"id":"0777-7ee316bb-7802-4f60-8f8a-faddbf80b328-k5kph"},"volume":{"id":"r014-f2742c9e-7e91-43ca-a623-8d1edecb0fc4","crn":"crn:v1:bluemix:public:is:us-east-3:a/c56c9a268d23e1b339ac14774358133c::volume:r014-f2742c9e-7e91-43ca-a623-8d1edecb0fc4","href":"https://us-east.iaas.cloud.ibm.com/v1/volumes/r014-f2742c9e-7e91-43ca-a623-8d1edecb0fc4","name":"bradboot"},"delete_volume_on_instance_delete":false,"status":"attached","type":"data","created_at":"2020-09-23T15:02:14Z"},{"id":"0777-de4544bd-58bb-4924-8f0c-4edf4fc994b9","href":"https://us-east.iaas.cloud.ibm.com/v1/instances/0777_249ba858-a4eb-4f2c-ba6c-72254a781d0d/volume_attachments/0777-de4544bd-58bb-4924-8f0c-4edf4fc994b9","name":"volume-attachment","device":{"id":"0777-de4544bd-58bb-4924-8f0c-4edf4fc994b9-8fbnl"},"volume":{"id":"r014-75d65ec3-72f6-11ea-b28c-feff0b284b22","crn":"crn:v1:bluemix:public:is:us-east-3:a/c56c9a268d23e1b339ac14774358133c::volume:r014-75d65ec3-72f6-11ea-b28c-feff0b284b22","href":"https://us-east.iaas.cloud.ibm.com/v1/volumes/r014-75d65ec3-72f6-11ea-b28c-feff0b284b22","name":"test-boot"},"delete_volume_on_instance_delete":true,"status":"attached","type":"boot","created_at":"2020-03-31T02:22:25Z"},{"id":"0777-fc94b3f8-20e8-45c8-bf95-6893ae56f52c","href":"https://us-east.iaas.cloud.ibm.com/v1/instances/0777_249ba858-a4eb-4f2c-ba6c-72254a781d0d/volume_attachments/0777-fc94b3f8-20e8-45c8-bf95-6893ae56f52c","name":"volume-attachment","device":{"id":"0777-fc94b3f8-20e8-45c8-bf95-6893ae56f52c-jbjx5"},"volume":{"id":"r014-75d669a9-72f6-11ea-b28c-feff0b284b22","crn":"crn:v1:bluemix:public:is:us-east-3:a/c56c9a268d23e1b339ac14774358133c::volume:r014-75d669a9-72f6-11ea-b28c-feff0b284b22","href":"https://us-east.iaas.cloud.ibm.com/v1/volumes/r014-75d669a9-72f6-11ea-b28c-feff0b284b22","name":"postgres"},"delete_volume_on_instance_delete":false,"status":"attached","type":"data","created_at":"2020-03-31T02:22:25Z"}]}

        '
  recorded_at: Thu, 01 Oct 2020 23:51:54 GMT
recorded_with: VCR 6.0.0
